C51 COMPILER V9.60.0.0   PIN_BASED_PASSWORD_SYSTEM                                         09/13/2021 14:20:55 PAGE 1   


C51 COMPILER V9.60.0.0, COMPILATION OF MODULE PIN_BASED_PASSWORD_SYSTEM
OBJECT MODULE PLACED IN .\Objects\Pin Based Password System.obj
COMPILER INVOKED BY: G:\C51\BIN\C51.EXE Pin Based Password System.c OPTIMIZE(8,SPEED) BROWSE DEBUG OBJECTEXTEND PRINT(.\
                    -Listings\Pin Based Password System.lst) TABS(2) OBJECT(.\Objects\Pin Based Password System.obj)

line level    source

   1          // password based door lock system in 8051 microprocessor
   2          #include <reg51.h>     //  Reg51.h header file for generic 8051 microcontroller
   3          
   4          // CONNECTED PINS:
   5          
   6          // Declaring the keypad rows
   7          sbit keyrow1 = P2 ^ 0;
   8          sbit keyrow2 = P2 ^ 1;
   9          sbit keyrow3 = P2 ^ 2;
  10          sbit keyrow4 = P2 ^ 3;
  11          //Declaring the keypad column
  12          sbit keycolumn1 = P3 ^ 0;
  13          sbit keycolumn2 = P3 ^ 1;
  14          sbit keycolumn3 = P3 ^ 2;
  15          // 4 x 3 KEYPAD
  16          
  17          // Declaring the motor pins
  18          sbit motorpin1 = P3 ^ 3;
  19          sbit motorpin2 = P3 ^ 4;
  20          
  21          // Declaring the led pins
  22          sbit rs = P3 ^ 5;
  23          sbit rw = P3 ^ 6;
  24          sbit en = P3 ^ 7;
  25          
  26          // functions
  27          void lcdcmd(unsigned char);             // LCD command
  28          void lcddat(unsigned char);             // LCD data
  29          void lcddisplay(unsigned char *q);      // LCD display
  30          char keypad();
  31          void check();
  32          void delay(unsigned int);
  33          unsigned char pin[] = {"12345"};
  34          unsigned char Epin[5];                  // Enter Pin
  35          
  36          // main function
  37          void main()
  38          {
  39   1          lcdcmd(0x0F); // decimal value: 15;  turn display ON, cursor blinking
  40   1          lcdcmd(0x38); // decimal value: 56;  for using 2 lines 
  41   1          lcdcmd(0x01); // decimal value: 1;   clear display
  42   1      
  43   1          while (1)
  44   1          {
  45   2              unsigned int i = 0;
  46   2              lcdcmd(0x80); // decimal value: 128;  Cursor at home position
  47   2              lcddisplay("ENTER PIN NUMBER");
  48   2              delay(1000);
  49   2              lcdcmd(0xc0); //decimal value: 192;   Sets cursor to line 2 of display
  50   2              while (pin[i] != '\0')
  51   2              {
  52   3                  Epin[i] = keypad();
  53   3                  delay(1000);
  54   3                  i++;
C51 COMPILER V9.60.0.0   PIN_BASED_PASSWORD_SYSTEM                                         09/13/2021 14:20:55 PAGE 2   

  55   3              }
  56   2              check();
  57   2          }
  58   1      }
  59          
  60          //delay function
  61          void delay(unsigned int j)
  62          {
  63   1          int a, b;
  64   1          for (a = 0; a < j; a++)
  65   1          {
  66   2              for (b = 0; b < 10; b++)
  67   2                  ;
  68   2          }
  69   1      }
  70          
  71          // lcd commands functions
  72          void lcdcmd(unsigned char A)
  73          {
  74   1          P1 = A;
  75   1          rs = 0;
  76   1          rw = 0;
  77   1          en = 1;
  78   1          delay(1000);
  79   1          en = 0;
  80   1      }
  81          
  82          //lcd data function
  83          
  84          void lcddat(unsigned char i)
  85          {
  86   1          P1 = i;
  87   1          rs = 1;
  88   1          rw = 0;
  89   1          en = 1;
  90   1          delay(1000);
  91   1          en = 0;
  92   1      }
  93          
  94          //lcd display charecters function
  95          
  96          void lcddisplay(unsigned char *q)
  97          {
  98   1          int k;
  99   1          for (k = 0; q[k] != '\0'; k++)
 100   1          {
 101   2              lcddat(q[k]);
 102   2          }
 103   1          delay(10000);
 104   1      }
 105          
 106          // assign keypad character value function
 107          
 108          char keypad()
 109          {
 110   1          int x = 0;
 111   1          while (x == 0)
 112   1          {
 113   2              // assign values for first row
 114   2              keyrow1 = 0;
 115   2              keyrow2 = 1;
 116   2              keyrow3 = 1;
C51 COMPILER V9.60.0.0   PIN_BASED_PASSWORD_SYSTEM                                         09/13/2021 14:20:55 PAGE 3   

 117   2              keyrow4 = 1;
 118   2              if (keycolumn1 == 0)
 119   2              {
 120   3                  lcddat('*');
 121   3                  delay(1000);
 122   3                  x = 1;
 123   3                  return '1';
 124   3              }
 125   2              if (keycolumn2 == 0)
 126   2              {
 127   3                  lcddat('*');
 128   3                  delay(1000);
 129   3                  x = 1;
 130   3                  return '2';
 131   3              }
 132   2              if (keycolumn3 == 0)
 133   2              {
 134   3                  lcddat('*');
 135   3                  delay(1000);
 136   3                  x = 1;
 137   3                  return '3';
 138   3              }
 139   2              // assign values for second row
 140   2              keyrow1 = 1;
 141   2              keyrow2 = 0;
 142   2              keyrow3 = 1;
 143   2              keyrow4 = 1;
 144   2      
 145   2              if (keycolumn1 == 0)
 146   2              {
 147   3                  lcddat('*');
 148   3                  delay(1000);
 149   3                  x = 1;
 150   3                  return '4';
 151   3              }
 152   2              if (keycolumn2 == 0)
 153   2              {
 154   3                  lcddat('*');
 155   3                  delay(1000);
 156   3                  x = 1;
 157   3                  return '5';
 158   3              }
 159   2              if (keycolumn3 == 0)
 160   2              {
 161   3                  lcddat('*');
 162   3                  delay(1000);
 163   3                  x = 1;
 164   3                  return '6';
 165   3              }
 166   2      
 167   2              // assign values for third row
 168   2              keyrow1 = 1;
 169   2              keyrow2 = 1;
 170   2              keyrow3 = 0;
 171   2              keyrow4 = 1;
 172   2              if (keycolumn1 == 0)
 173   2              {
 174   3                  lcddat('*');
 175   3                  delay(1000);
 176   3                  x = 1;
 177   3                  return '7';
 178   3              }
C51 COMPILER V9.60.0.0   PIN_BASED_PASSWORD_SYSTEM                                         09/13/2021 14:20:55 PAGE 4   

 179   2              if (keycolumn2 == 0)
 180   2              {
 181   3                  lcddat('*');
 182   3                  delay(1000);
 183   3                  x = 1;
 184   3                  return '8';
 185   3              }
 186   2              if (keycolumn3 == 0)
 187   2              {
 188   3                  lcddat('*');
 189   3                  delay(1000);
 190   3                  x = 1;
 191   3                  return '9';
 192   3              }
 193   2      
 194   2              // assign values for forth row
 195   2              keyrow1 = 1;
 196   2              keyrow2 = 1;
 197   2              keyrow3 = 1;
 198   2              keyrow4 = 0;
 199   2      
 200   2              if (keycolumn1 == 0)
 201   2              {
 202   3                  lcddat('*');
 203   3                  delay(1000);
 204   3                  x = 1;
 205   3                  return '*';
 206   3              }
 207   2              if (keycolumn2 == 0)
 208   2              {
 209   3                  lcddat('*');
 210   3                  delay(1000);
 211   3                  x = 1;
 212   3                  return '0';
 213   3              }
 214   2              if (keycolumn3 == 0)
 215   2              {
 216   3                  lcddat('*');
 217   3                  delay(1000);
 218   3                  x = 1;
 219   3                  return '#';
 220   3              }
 221   2          }
 222   1      }
 223          
 224          // password check function and run the door motor
 225          
 226          void check()
 227          {
 228   1          //  compare the input value with the assign password value
 229   1          if (pin[0] == Epin[0] && pin[1] == Epin[1] && pin[2] == Epin[2] && pin[3] == Epin[3] && pin[4] == Epin
             -[4])
 230   1          {
 231   2              delay(1000);
 232   2              lcdcmd(0x01); //decimal value: 1;   Clear Display
 233   2              lcdcmd(0x81); //decimal value: 129; Cursor moves to second matrix
 234   2              // show pin is correct
 235   2              lcddisplay("PIN CORRECT");
 236   2              delay(1000);
 237   2              // door motor will run
 238   2              motorpin1 = 1;
 239   2              motorpin2 = 0;
C51 COMPILER V9.60.0.0   PIN_BASED_PASSWORD_SYSTEM                                         09/13/2021 14:20:55 PAGE 5   

 240   2              lcdcmd(0xc1); //decimal value: 193
 241   2              // show the door is unlocked
 242   2              lcddisplay("DOOR OPENED");
 243   2              delay(100000);
 244   2              lcdcmd(0x01);
 245   2              lcdcmd(0x81);
 246   2              lcddisplay("DOOR IS CLOSING");
 247   2              motorpin1 = 0;
 248   2              motorpin2 = 1;
 249   2              lcdcmd(0xc1);
 250   2              delay(100000);
 251   2              motorpin1 = 0;
 252   2              motorpin2 = 0;
 253   2              lcddisplay("DOOR CLOSED");
 254   2              
 255   2              lcdcmd(0x01); //decimal value: 1;    Clear Display
 256   2          }
 257   1          else
 258   1          {
 259   2              lcdcmd(0x01); //decimal value: 1
 260   2              lcdcmd(0x80); //decimal value: 128;  Cursor at home position 
 261   2              lcddisplay("WRONG PIN");
 262   2              delay(1000);
 263   2              lcdcmd(0x01); //decimal value: 1
 264   2          }
 265   1      }
 266          
 267          // end
*** WARNING C291 IN LINE 222 OF Pin Based Password System.c: not every exit path returns a value


MODULE INFORMATION:   STATIC OVERLAYABLE
   CODE SIZE        =    500    ----
   CONSTANT SIZE    =     79    ----
   XDATA SIZE       =   ----    ----
   PDATA SIZE       =   ----    ----
   DATA SIZE        =     11       7
   IDATA SIZE       =   ----    ----
   BIT SIZE         =   ----    ----
END OF MODULE INFORMATION.


C51 COMPILATION COMPLETE.  1 WARNING(S),  0 ERROR(S)
